


ARM Macro Assembler    Page 1 


    1 00000000         ; <h> Stack Configuration
    2 00000000         ;   <o> Stack Size (in Bytes) <0x0-0xFFFFFFFF:8>
    3 00000000         ; </h>
    4 00000000         
    5 00000000 00000100 
                       Stack_Size
                               EQU              0x00000100
    6 00000000         
    7 00000000                 AREA             STACK, NOINIT, READWRITE, ALIGN
=3
    8 00000000         Stack_Mem
                               SPACE            Stack_Size
    9 00000100         __initial_sp
   10 00000100         
   11 00000100         
   12 00000100         ; <h> Heap Configuration
   13 00000100         ;   <o>  Heap Size (in Bytes) <0x0-0xFFFFFFFF:8>
   14 00000100         ; </h>
   15 00000100         
   16 00000100 00000100 
                       Heap_Size
                               EQU              0x00000100
   17 00000100         
   18 00000100                 AREA             HEAP, NOINIT, READWRITE, ALIGN=
3
   19 00000000         
   20 00000000         Heap_Mem
                               SPACE            Heap_Size
   21 00000100         
   22 00000100                 PRESERVE8
   23 00000100                 THUMB
   24 00000100         
   25 00000100         ; Vector Table Mapped to Address 0 at Reset
   26 00000100         
   27 00000100                 AREA             RESET, DATA, READONLY
   28 00000000                 EXPORT           __Vectors
   29 00000000         
   30 00000000         
   31 00000000 00000000 
                       __Vectors
                               DCD              __initial_sp ; Top of Stack
   32 00000004 00000000        DCD              Reset_Handler ; Reset Handler
   33 00000008         
   34 00000008                 AREA             |.text|, CODE, READONLY
   35 00000000         
   36 00000000         ; Reset Handler
   37 00000000         
   38 00000000         Reset_Handler
                               PROC
   39 00000000                 EXPORT           Reset_Handler             [WEAK
]
   40 00000000                 IMPORT           __main
   41 00000000 4803            LDR              R0, =__main
   42 00000002 4700            BX               R0
   43 00000004                 ENDP
   44 00000004         
   45 00000004                 ALIGN
   46 00000004         
   47 00000004         



ARM Macro Assembler    Page 2 


   48 00000004         ; User Initial Stack & Heap
   49 00000004         
   50 00000004                 EXPORT           __user_initial_stackheap
   51 00000004         
   52 00000004         __user_initial_stackheap
                               PROC
   53 00000004 4803            LDR              R0, =  Heap_Mem
   54 00000006 4904            LDR              R1, =(Stack_Mem + Stack_Size)
   55 00000008 4A04            LDR              R2, = (Heap_Mem +  Heap_Size)
   56 0000000A 4B05            LDR              R3, = Stack_Mem
   57 0000000C 4770            BX               LR
   58 0000000E                 ENDP
   59 0000000E         
   60 0000000E 00 00           ALIGN
   61 00000010         
   62 00000010         
   63 00000010                 END
              00000000 
              00000000 
              00000100 
              00000100 
              00000000 
Command Line: --debug --xref --diag_suppress=9931 --cpu=Cortex-M0 --apcs=interw
ork --depend=.\objects\startup_armcm0.d -o.\objects\startup_armcm0.o -I"C:\User
s\kang\Desktop\2016, 3학년 2학기\컴퓨터 구조\예제프로젝트\arithmetic\RTE" -IC:\
Keil_v5\ARM\PACK\ARM\CMSIS\5.0.0-Beta12\CMSIS\Include -IC:\Keil_v5\ARM\PACK\ARM
\CMSIS\5.0.0-Beta12\Device\ARM\ARMCM0\Include --predefine="__EVAL SETA 1" --pre
define="__UVISION_VERSION SETA 521" --predefine="_RTE_ SETA 1" --predefine="ARM
CM0 SETA 1" --list=.\listings\startup_armcm0.lst RTE\Device\ARMCM0\startup_ARMC
M0.s



ARM Macro Assembler    Page 1 Alphabetic symbol ordering
Relocatable symbols

STACK 00000000

Symbol: STACK
   Definitions
      At line 7 in file RTE\Device\ARMCM0\startup_ARMCM0.s
   Uses
      None
Comment: STACK unused
Stack_Mem 00000000

Symbol: Stack_Mem
   Definitions
      At line 8 in file RTE\Device\ARMCM0\startup_ARMCM0.s
   Uses
      At line 54 in file RTE\Device\ARMCM0\startup_ARMCM0.s
      At line 56 in file RTE\Device\ARMCM0\startup_ARMCM0.s

__initial_sp 00000100

Symbol: __initial_sp
   Definitions
      At line 9 in file RTE\Device\ARMCM0\startup_ARMCM0.s
   Uses
      At line 31 in file RTE\Device\ARMCM0\startup_ARMCM0.s
Comment: __initial_sp used once
3 symbols



ARM Macro Assembler    Page 1 Alphabetic symbol ordering
Relocatable symbols

HEAP 00000000

Symbol: HEAP
   Definitions
      At line 18 in file RTE\Device\ARMCM0\startup_ARMCM0.s
   Uses
      None
Comment: HEAP unused
Heap_Mem 00000000

Symbol: Heap_Mem
   Definitions
      At line 20 in file RTE\Device\ARMCM0\startup_ARMCM0.s
   Uses
      At line 53 in file RTE\Device\ARMCM0\startup_ARMCM0.s
      At line 55 in file RTE\Device\ARMCM0\startup_ARMCM0.s

2 symbols



ARM Macro Assembler    Page 1 Alphabetic symbol ordering
Relocatable symbols

RESET 00000000

Symbol: RESET
   Definitions
      At line 27 in file RTE\Device\ARMCM0\startup_ARMCM0.s
   Uses
      None
Comment: RESET unused
__Vectors 00000000

Symbol: __Vectors
   Definitions
      At line 31 in file RTE\Device\ARMCM0\startup_ARMCM0.s
   Uses
      At line 28 in file RTE\Device\ARMCM0\startup_ARMCM0.s
Comment: __Vectors used once
2 symbols



ARM Macro Assembler    Page 1 Alphabetic symbol ordering
Relocatable symbols

.text 00000000

Symbol: .text
   Definitions
      At line 34 in file RTE\Device\ARMCM0\startup_ARMCM0.s
   Uses
      None
Comment: .text unused
Reset_Handler 00000000

Symbol: Reset_Handler
   Definitions
      At line 38 in file RTE\Device\ARMCM0\startup_ARMCM0.s
   Uses
      At line 32 in file RTE\Device\ARMCM0\startup_ARMCM0.s
      At line 39 in file RTE\Device\ARMCM0\startup_ARMCM0.s

__user_initial_stackheap 00000004

Symbol: __user_initial_stackheap
   Definitions
      At line 52 in file RTE\Device\ARMCM0\startup_ARMCM0.s
   Uses
      At line 50 in file RTE\Device\ARMCM0\startup_ARMCM0.s
Comment: __user_initial_stackheap used once
3 symbols



ARM Macro Assembler    Page 1 Alphabetic symbol ordering
Absolute symbols

Heap_Size 00000100

Symbol: Heap_Size
   Definitions
      At line 16 in file RTE\Device\ARMCM0\startup_ARMCM0.s
   Uses
      At line 20 in file RTE\Device\ARMCM0\startup_ARMCM0.s
      At line 55 in file RTE\Device\ARMCM0\startup_ARMCM0.s

Stack_Size 00000100

Symbol: Stack_Size
   Definitions
      At line 5 in file RTE\Device\ARMCM0\startup_ARMCM0.s
   Uses
      At line 8 in file RTE\Device\ARMCM0\startup_ARMCM0.s
      At line 54 in file RTE\Device\ARMCM0\startup_ARMCM0.s

2 symbols



ARM Macro Assembler    Page 1 Alphabetic symbol ordering
External symbols

__main 00000000

Symbol: __main
   Definitions
      At line 40 in file RTE\Device\ARMCM0\startup_ARMCM0.s
   Uses
      At line 41 in file RTE\Device\ARMCM0\startup_ARMCM0.s
Comment: __main used once
1 symbol
349 symbols in table
